[0923/211157.790:INFO:aha\components\metrics\metrics_base.cc:52] [startup] metric: basicStartupComplete, start
[0923/211157.793:INFO:aha\components\manifest\manifest.cc:92] [AppManifest] GetManifestContent, GetManifestContent exe_dir: D:\AICODE\扣子\Coze\versions\1.1.43
[0923/211157.793:INFO:aha\components\manifest\manifest.cc:109] [AppManifest] InitFromFile, manifest_content={
  "appId": "1002230",
  "appVersion": "1.1.43.0",
  "buildId": "494973395",
  "buildVersion": "1.1.43.0",
  "activeUrl": "https://log.snssdk.com/service/2/app_alert_check/",
  "channel": "stable",
  "language": "en",
  "logifierDomain": "moment.bytedance.com",
  "name": "coze",
  "package": "cn.coze.desktop",
  "packageType": "stable_cn",
  "region": "CN",
  "registryUrl": "https://log.snssdk.com/service/2/desktop/device_register/",
  "slardarDomain": "pc-mon.zijieapi.com",
  "oversea": false,
  "ahaNet": {
    "ttnet_params": {
      "domain_httpdns": "34.102.215.99",
      "domain_netlog": "ttnet.snssdk.com",
      "app_id": "1002230",
      "tnc_host_first": "",
      "app_name": "",
      "tnc_host_second": "",
      "tnc_host_third": "",
      "domain_boe": ".boe-gateway.byted.org",
      "update_version_code": "",
      "version_code": "",
      "bypass_proxy": true,
      "is_drop_first_tnc": false,
      "use_domestic_store_region": false,
      "get_domain_default_json": ""
    },
    "params": {
      "user_agent": "",
      "experimental_options": "",
      "enable_http2": true,
      "enable_brotli": true,
      "enable_quic": true,
      "enable_network_quality_estimator": false,
      "enable_verbose_log": false,
      "enable_ca_store": false,
      "store_idc_rule_json": "",
      "ttnet_inner_log_switch": 255,
      "bypass_mssdk": false
    },
    "access_policy": "{\"domain_white_list\":{},\"enable_detail_log\":false}"
  },
  "logifierParty": "coze",
  "buildEnv": "online",
  "aid": "1002230"
}
[0923/211157.794:INFO:aha\components\manifest\manifest.cc:132] [AppManifest] Initialize, Initialize success
[0923/211157.795:INFO:aha\components\device_info\private\device_info_win_impl.cc:193] PlatformDeviceInfoImpl::read_smbios done, size = 3984
[0923/211157.795:INFO:aha\components\device_info\private\device_info_win_impl.cc:427] Current disk count = 1
[0923/211157.795:INFO:aha\components\device_service\device_service.h:33] DeviceService GetHardwareInfo, cost time: 1 ms
[0923/211157.796:INFO:aha\components\device_service\device_service.cc:987] DeviceService, no cache
[0923/211157.796:INFO:aha\components\metrics\metrics_base.cc:64] [startup] metric: basicStartupComplete, end, latency: 5ms
[0923/211157.796:INFO:aha\components\metrics\metrics_base.cc:52] [startup] metric: initializeICU, start
[0923/211157.796:INFO:aha\components\metrics\metrics_base.cc:64] [startup] metric: initializeICU, end, latency: 0ms
[0923/211157.796:INFO:aha\components\metrics\metrics_base.cc:52] [startup] metric: loadV8Snapshot, start
[0923/211157.796:INFO:aha\components\metrics\metrics_base.cc:64] [startup] metric: loadV8Snapshot, end, latency: 0ms
[0923/211157.796:INFO:aha\components\metrics\metrics_base.cc:52] [startup] metric: crashReporterStartup, start
[0923/211157.830:INFO:aha\components\metrics\metrics_base.cc:64] [startup] metric: crashReporterStartup, end, latency: 34ms
[0923/211308.919:INFO:aha\components\metrics\metrics_base.cc:52] [startup] metric: basicStartupComplete, start
[0923/211308.922:INFO:aha\components\manifest\manifest.cc:92] [AppManifest] GetManifestContent, GetManifestContent exe_dir: D:\AICODE\扣子\Coze\versions\1.1.43
[0923/211308.922:INFO:aha\components\manifest\manifest.cc:109] [AppManifest] InitFromFile, manifest_content={
  "appId": "1002230",
  "appVersion": "1.1.43.0",
  "buildId": "494973395",
  "buildVersion": "1.1.43.0",
  "activeUrl": "https://log.snssdk.com/service/2/app_alert_check/",
  "channel": "stable",
  "language": "en",
  "logifierDomain": "moment.bytedance.com",
  "name": "coze",
  "package": "cn.coze.desktop",
  "packageType": "stable_cn",
  "region": "CN",
  "registryUrl": "https://log.snssdk.com/service/2/desktop/device_register/",
  "slardarDomain": "pc-mon.zijieapi.com",
  "oversea": false,
  "ahaNet": {
    "ttnet_params": {
      "domain_httpdns": "34.102.215.99",
      "domain_netlog": "ttnet.snssdk.com",
      "app_id": "1002230",
      "tnc_host_first": "",
      "app_name": "",
      "tnc_host_second": "",
      "tnc_host_third": "",
      "domain_boe": ".boe-gateway.byted.org",
      "update_version_code": "",
      "version_code": "",
      "bypass_proxy": true,
      "is_drop_first_tnc": false,
      "use_domestic_store_region": false,
      "get_domain_default_json": ""
    },
    "params": {
      "user_agent": "",
      "experimental_options": "",
      "enable_http2": true,
      "enable_brotli": true,
      "enable_quic": true,
      "enable_network_quality_estimator": false,
      "enable_verbose_log": false,
      "enable_ca_store": false,
      "store_idc_rule_json": "",
      "ttnet_inner_log_switch": 255,
      "bypass_mssdk": false
    },
    "access_policy": "{\"domain_white_list\":{},\"enable_detail_log\":false}"
  },
  "logifierParty": "coze",
  "buildEnv": "online",
  "aid": "1002230"
}
[0923/211308.922:INFO:aha\components\manifest\manifest.cc:132] [AppManifest] Initialize, Initialize success
[0923/211308.923:INFO:aha\components\device_info\private\device_info_win_impl.cc:193] PlatformDeviceInfoImpl::read_smbios done, size = 3984
[0923/211308.923:INFO:aha\components\device_info\private\device_info_win_impl.cc:427] Current disk count = 1
[0923/211308.923:INFO:aha\components\device_service\device_service.h:33] DeviceService GetHardwareInfo, cost time: 0 ms
[0923/211308.923:INFO:aha\components\device_service\device_service.cc:1124] DeviceService, DecryptDeviceId succeed, device_id: 1677172651623083, install_id: 2961445399331946
[0923/211308.923:INFO:aha\components\metrics\metrics_base.cc:64] [startup] metric: basicStartupComplete, end, latency: 5ms
[0923/211308.923:INFO:aha\components\metrics\metrics_base.cc:52] [startup] metric: initializeICU, start
[0923/211308.924:INFO:aha\components\metrics\metrics_base.cc:64] [startup] metric: initializeICU, end, latency: 0ms
[0923/211308.924:INFO:aha\components\metrics\metrics_base.cc:52] [startup] metric: loadV8Snapshot, start
[0923/211308.924:INFO:aha\components\metrics\metrics_base.cc:64] [startup] metric: loadV8Snapshot, end, latency: 0ms
[0923/211308.924:INFO:aha\components\metrics\metrics_base.cc:52] [startup] metric: crashReporterStartup, start
[0923/211308.961:INFO:aha\components\metrics\metrics_base.cc:64] [startup] metric: crashReporterStartup, end, latency: 37ms
