[Licensing::Module] Trying to connect to existing licensing client channel...
[Licensing::IpcConnector] Successfully connected to: "LicenseClient-yz" at "2026-09-05T15:00:52.454097Z"
[Licensing::Client] Code 10 while verifying Licensing Client signature (process Id: 69852, path: "D:/Unity/Editor/2022.3.62f3c1/Editor/Data/Resources/Licensing/Client/Unity.Licensing.Client.exe")
[Licensing::Module] LicensingClient has failed validation; ignoring
[Licensing::Client] Handshaking with LicensingClient:
  Version:                 1.16.2+bdef8f5
  Session Id:              39f00bdbaeb44e62bb4e00b1f3a8d3ea
  Correlation Id:          d9692b31de774f4e24752ea2e0de859e
  External correlation Id: 4507301705546129104
  Machine Id:              xWGMYVX3/AAl1QNusuQp1Hf74L0=
[Licensing::Module] Successfully connected to LicensingClient on channel: "LicenseClient-yz" (connect: 0.00s, validation: 0.03s, handshake: 0.32s)
[Licensing::IpcConnector] Successfully connected to: "LicenseClient-yz-notifications" at "2026-09-05T15:00:52.8054827Z"
[Licensing::Module] Error: Access token is unavailable; failed to update
[Licensing::Client] Successfully updated license
Built from '2022.3/china_unity/release' branch; Version is '2022.3.62f3c1 (1623fc0bbb97) revision 1451004'; Using compiler version '192829333'; Build Type 'Release'
OS: 'Windows 11  (10.0.22631) 64bit CoreCountrySpecific' Language: 'zh' Physical Memory: 16167 MB
[Licensing::Client] Successfully resolved entitlement details
[Licensing::Module] Serial number assigned to: "F4-C3BS-ZMZ9-HTGY-NK2T-XXXX"
BatchMode: 1, IsHumanControllingUs: 0, StartBugReporterOnCrash: 0, Is64bit: 1, IsPro: 0
[Licensing::Client] Successfully resolved entitlement details

COMMAND LINE ARGUMENTS:
D:\Unity\Editor\2022.3.62f3c1\Editor\Unity.exe
-batchmode
-nographics
-quit
-projectPath
d:\code\AICODES\dnxyl\DanaoXiyouLu
-buildTarget
WebGL
-executeMethod
DanaoEditorBoot.BuildWebGL
-logFile
d:\code\AICODES\dnxyl\DanaoXiyouLu\webgl-build.log
Successfully changed project path to: d:\code\AICODES\dnxyl\DanaoXiyouLu
D:/code/AICODES/dnxyl/DanaoXiyouLu
似乎有另一个正在运行的 Unity 实例打开了此项目。

多个 Unity 实例无法打开同一个项目。

项目：D:/code/AICODES/dnxyl/DanaoXiyouLu
Fatal Error! 似乎有另一个正在运行的 Unity 实例打开了此项目。

多个 Unity 实例无法打开同一个项目。

项目：D:/code/AICODES/dnxyl/DanaoXiyouLu
Crash!!!
SymInit: Symbol-SearchPath: 'D:/Unity/Editor/2022.3.62f3c1/Editor/Data/Mono;.;D:\code\AICODES\dnxyl\DanaoXiyouLu;D:\code\AICODES\dnxyl\DanaoXiyouLu\Library\BurstCache\JIT;D:\Unity\Editor\2022.3.62f3c1\Editor;C:\WINDOWS;C:\WINDOWS\system32;', symOptions: 534, UserName: 'yz'
OS-Version: 10.0.0
D:\Unity\Editor\2022.3.62f3c1\Editor\Unity.exe:Unity.exe (00007FF70A960000), size: 96317440 (result: 0), SymType: '-deferred-', PDB: '', fileVersion: 2022.3.62.9212
C:\WINDOWS\SYSTEM32\ntdll.dll:ntdll.dll (00007FFBB20D0000), size: 2191360 (result: 0), SymType: '-deferred-', PDB: '', fileVersion: 10.0.22621.5124
C:\WINDOWS\System32\KERNEL32.DLL:KERNEL32.DLL (00007FFBB0C80000), size: 802816 (result: 0), SymType: '-deferred-', PDB: '', fileVersion: 10.0.22621.5124
C:\WINDOWS\System32\KERNELBASE.dll:KERNELBASE.dll (00007FFBAF990000), size: 4009984 (result: 0), SymType: '-deferred-', PDB: '', fileVersion: 10.0.22621.5189
C:\WINDOWS\System32\CRYPT32.dll:CRYPT32.dll (00007FFBAF6D0000), size: 1470464 (result: 0), SymType: '-deferred-', PDB: '', fileVersion: 10.0.22621.5185
C:\WINDOWS\System32\ucrtbase.dll:ucrtbase.dll (00007FFBAF870000), size: 1118208 (result: 0), SymType: '-deferred-', PDB: '', fileVersion: 10.0.22621.3593
C:\WINDOWS\System32\USER32.dll:USER32.dll (00007FFBB0890000), size: 1773568 (result: 0), SymType: '-deferred-', PDB: '', fileVersion: 10.0.22621.5185
C:\WINDOWS\System32\win32u.dll:win32u.dll (00007FFBAF840000), size: 155648 (result: 0), SymType: '-deferred-', PDB: '', fileVersion: 10.0.22621.5185
C:\WINDOWS\System32\GDI32.dll:GDI32.dll (00007FFBB1AF0000), size: 167936 (result: 0), SymType: '-deferred-', PDB: '', fileVersion: 10.0.22621.5185
C:\WINDOWS\System32\gdi32full.dll:gdi32full.dll (00007FFBAF2D0000), size: 1159168 (result: 0), SymType: '-deferred-', PDB: '', fileVersion: 10.0.22621.5185
C:\WINDOWS\System32\msvcp_win.dll:msvcp_win.dll (00007FFBAF4F0000), size: 630784 (result: 0), SymType: '-deferred-', PDB: '', fileVersion: 10.0.22621.3374
C:\WINDOWS\System32\ADVAPI32.dll:ADVAPI32.dll (00007FFBB0350000), size: 724992 (result: 0), SymType: '-deferred-', PDB: '', fileVersion: 10.0.22621.5124
C:\WINDOWS\System32\msvcrt.dll:msvcrt.dll (00007FFBB1A30000), size: 684032 (result: 0), SymType: '-deferred-', PDB: '', fileVersion: 7.0.22621.2506
C:\WINDOWS\System32\sechost.dll:sechost.dll (00007FFBB0BC0000), size: 688128 (result: 0), SymType: '-deferred-', PDB: '', fileVersion: 10.0.22621.5124
C:\WINDOWS\System32\bcrypt.dll:bcrypt.dll (00007FFBAF1E0000), size: 163840 (result: 0), SymType: '-deferred-', PDB: '', fileVersion: 10.0.22621.4746
C:\WINDOWS\System32\RPCRT4.dll:RPCRT4.dll (00007FFBB1B20000), size: 1130496 (result: 0), SymType: '-deferred-', PDB: '', fileVersion: 10.0.22621.5124
C:\WINDOWS\System32\SHELL32.dll:SHELL32.dll (00007FFBB1170000), size: 9003008 (result: 0), SymType: '-deferred-', PDB: '', fileVersion: 10.0.22621.5124
C:\WINDOWS\System32\wintypes.dll:wintypes.dll (00007FFBAF590000), size: 1306624 (result: 0), SymType: '-deferred-', PDB: '', fileVersion: 10.0.22621.4830
C:\WINDOWS\System32\combase.dll:combase.dll (00007FFBB0D50000), size: 3743744 (result: 0), SymType: '-deferred-', PDB: '', fileVersion: 10.0.22621.5124
C:\WINDOWS\System32\SHLWAPI.dll:SHLWAPI.dll (00007FFBAFFD0000), size: 405504 (result: 0), SymType: '-deferred-', PDB: '', fileVersion: 10.0.22621.5124
D:\Unity\Editor\2022.3.62f3c1\Editor\etccompress.dll:etccompress.dll (00007FFB1A4B0000), size: 5070848 (result: 0), SymType: '-deferred-', PDB: ''
C:\WINDOWS\System32\ole32.dll:ole32.dll (00007FFBB1CC0000), size: 1708032 (result: 0), SymType: '-deferred-', PDB: '', fileVersion: 10.0.22621.5124
C:\WINDOWS\System32\IMM32.dll:IMM32.dll (00007FFBAFDD0000), size: 200704 (result: 0), SymType: '-deferred-', PDB: '', fileVersion: 10.0.22621.5185
D:\Unity\Editor\2022.3.62f3c1\Editor\libfbxsdk.dll:libfbxsdk.dll (00007FFB7F320000), size: 8019968 (result: 0), SymType: '-deferred-', PDB: '', fileVersion: 2020.3.7.0
D:\Unity\Editor\2022.3.62f3c1\Editor\s3tcompress.dll:s3tcompress.dll (00007FFBA8950000), size: 180224 (result: 0), SymType: '-deferred-', PDB: ''
C:\WINDOWS\System32\SETUPAPI.dll:SETUPAPI.dll (00007FFBB0410000), size: 4669440 (result: 0), SymType: '-deferred-', PDB: '', fileVersion: 10.0.22621.2506
C:\WINDOWS\System32\WS2_32.dll:WS2_32.dll (00007FFBB10F0000), size: 462848 (result: 0), SymType: '-deferred-', PDB: '', fileVersion: 10.0.22621.4746
C:\WINDOWS\System32\OLEAUT32.dll:OLEAUT32.dll (00007FFBB0AE0000), size: 880640 (result: 0), SymType: '-deferred-', PDB: '', fileVersion: 10.0.22621.3672
C:\WINDOWS\System32\WINTRUST.dll:WINTRUST.dll (00007FFBAF3F0000), size: 503808 (result: 0), SymType: '-deferred-', PDB: '', fileVersion: 10.0.22621.5185
D:\Unity\Editor\2022.3.62f3c1\Editor\ispc_texcomp.dll:ispc_texcomp.dll (00007FFB7FE10000), size: 1826816 (result: 0), SymType: '-deferred-', PDB: ''
D:\Unity\Editor\2022.3.62f3c1\Editor\compress_bc7e.dll:compress_bc7e.dll (00007FFB8AFA0000), size: 1433600 (result: 0), SymType: '-deferred-', PDB: ''
D:\Unity\Editor\2022.3.62f3c1\Editor\FreeImage.dll:FreeImage.dll (0000000180000000), size: 5783552 (result: 0), SymType: '-deferred-', PDB: '', fileVersion: 3.18.0.0
D:\Unity\Editor\2022.3.62f3c1\Editor\WinPixEventRuntime.dll:WinPixEventRuntime.dll (00007FFBA9210000), size: 45056 (result: 0), SymType: '-deferred-', PDB: '', fileVersion: 1.0.1812.6001
D:\Unity\Editor\2022.3.62f3c1\Editor\umbraoptimizer64.dll:umbraoptimizer64.dll (00007FFB82820000), size: 1187840 (result: 0), SymType: '-deferred-', PDB: ''
C:\WINDOWS\SYSTEM32\GLU32.dll:GLU32.dll (00007FFB4EA90000), size: 184320 (result: 0), SymType: '-deferred-', PDB: '', fileVersion: 10.0.22621.2506
C:\WINDOWS\SYSTEM32\IPHLPAPI.DLL:IPHLPAPI.DLL (00007FFBAEB30000), size: 184320 (result: 0), SymType: '-deferred-', PDB: '', fileVersion: 10.0.22621.1
C:\WINDOWS\SYSTEM32\OPENGL32.dll:OPENGL32.dll (00007FFB4E3E0000), size: 1048576 (result: 0), SymType: '-deferred-', PDB: '', fileVersion: 10.0.22621.5124
C:\WINDOWS\SYSTEM32\MSVCP140.dll:MSVCP140.dll (00007FFB8D1E0000), size: 557056 (result: 0), SymType: '-deferred-', PDB: '', fileVersion: 14.50.35719.0
C:\WINDOWS\SYSTEM32\VCRUNTIME140.dll:VCRUNTIME140.dll (00007FFB82020000), size: 122880 (result: 0), SymType: '-deferred-', PDB: '', fileVersion: 14.50.35719.0
C:\WINDOWS\SYSTEM32\VCRUNTIME140_1.dll:VCRUNTIME140_1.dll (00007FFBA65D0000), size: 45056 (result: 0), SymType: '-deferred-', PDB: '', fileVersion: 14.50.35719.0
C:\WINDOWS\SYSTEM32\WINHTTP.dll:WINHTTP.dll (00007FFBAA090000), size: 1228800 (result: 0), SymType: '-deferred-', PDB: '', fileVersion: 10.0.22621.4830
C:\WINDOWS\SYSTEM32\WINMM.dll:WINMM.dll (00007FFBA80B0000), size: 212992 (result: 0), SymType: '-deferred-', PDB: '', fileVersion: 10.0.22621.5124
C:\WINDOWS\SYSTEM32\HID.DLL:HID.DLL (00007FFBAD9B0000), size: 57344 (result: 0), SymType: '-deferred-', PDB: '', fileVersion: 10.0.22621.1
C:\WINDOWS\SYSTEM32\dwmapi.dll:dwmapi.dll (00007FFBAB9D0000), size: 188416 (result: 0), SymType: '-deferred-', PDB: '', fileVersion: 10.0.22621.5185
D:\Unity\Editor\2022.3.62f3c1\Editor\SketchUpAPI.dll:SketchUpAPI.dll (00007FFABD2D0000), size: 8990720 (result: 0), SymType: '-deferred-', PDB: '', fileVersion: 23.0.0.0
D:\Unity\Editor\2022.3.62f3c1\Editor\NativeProxyHelper.dll:NativeProxyHelper.dll (00007FFB7FC50000), size: 1789952 (result: 0), SymType: '-deferred-', PDB: ''
C:\WINDOWS\SYSTEM32\VERSION.dll:VERSION.dll (00007FFBAEB20000), size: 40960 (result: 0), SymType: '-deferred-', PDB: '', fileVersion: 10.0.22621.1
C:\WINDOWS\SYSTEM32\WSOCK32.dll:WSOCK32.dll (00007FFB87720000), size: 36864 (result: 0), SymType: '-deferred-', PDB: '', fileVersion: 10.0.22621.1
C:\WINDOWS\SYSTEM32\dxcore.dll:dxcore.dll (00007FFBABC70000), size: 225280 (result: 0), SymType: '-deferred-', PDB: '', fileVersion: 10.0.22621.5124
D:\Unity\Editor\2022.3.62f3c1\Editor\SketchUpCommonPreferences.dll:SketchUpCommonPreferences.dll (00007FFB8F690000), size: 499712 (result: 0), SymType: '-deferred-', PDB: '', fileVersion: 23.0.0.0
C:\WINDOWS\SYSTEM32\Secur32.dll:Secur32.dll (00007FFBAE020000), size: 49152 (result: 0), SymType: '-deferred-', PDB: '', fileVersion: 10.0.22621.1
C:\WINDOWS\SYSTEM32\SSPICLI.DLL:SSPICLI.DLL (00007FFBAE4B0000), size: 274432 (result: 0), SymType: '-deferred-', PDB: '', fileVersion: 10.0.22621.5124
D:\Unity\Editor\2022.3.62f3c1\Editor\OpenRL.dll:OpenRL.dll (00000213AAA20000), size: 12779520 (result: 0), SymType: '-deferred-', PDB: '', fileVersion: 1.5.0.2907
C:\WINDOWS\SYSTEM32\MSWSOCK.DLL:MSWSOCK.DLL (00007FFBAE6D0000), size: 434176 (result: 0), SymType: '-deferred-', PDB: '', fileVersion: 10.0.22621.5124
D:\Unity\Editor\2022.3.62f3c1\Editor\embree.dll:embree.dll (00007FFAB4190000), size: 16711680 (result: 0), SymType: '-deferred-', PDB: '', fileVersion: 2.14.0.0
C:\WINDOWS\SYSTEM32\MSVCP100.dll:MSVCP100.dll (000000006F3A0000), size: 622592 (result: 0), SymType: '-deferred-', PDB: '', fileVersion: 10.0.40219.325
C:\WINDOWS\SYSTEM32\MSVCR100.dll:MSVCR100.dll (000000006F440000), size: 860160 (result: 0), SymType: '-deferred-', PDB: '', fileVersion: 10.0.40219.325
D:\Unity\Editor\2022.3.62f3c1\Editor\tbb.dll:tbb.dll (00007FFB8C550000), size: 413696 (result: 0), SymType: '-deferred-', PDB: '', fileVersion: 2017.0.2016.1004
C:\WINDOWS\SYSTEM32\MSVCP120.dll:MSVCP120.dll (00007FFB8AE30000), size: 679936 (result: 0), SymType: '-deferred-', PDB: '', fileVersion: 12.0.21005.1
C:\WINDOWS\SYSTEM32\MSVCR120.dll:MSVCR120.dll (00007FFB82A30000), size: 978944 (result: 0), SymType: '-deferred-', PDB: '', fileVersion: 12.0.21005.1
D:\Unity\Editor\2022.3.62f3c1\Editor\OpenRL_pthread.dll:OpenRL_pthread.dll (00000213AB670000), size: 61440 (result: 0), SymType: '-deferred-', PDB: '', fileVersion: 2.9.0.0
C:\WINDOWS\SYSTEM32\MSASN1.dll:MSASN1.dll (00007FFBAE980000), size: 73728 (result: 0), SymType: '-deferred-', PDB: '', fileVersion: 10.0.22621.2506
C:\WINDOWS\SYSTEM32\CRYPTBASE.DLL:CRYPTBASE.DLL (00007FFBAE920000), size: 49152 (result: 0), SymType: '-deferred-', PDB: '', fileVersion: 10.0.22621.4746
C:\WINDOWS\System32\bcryptPrimitives.dll:bcryptPrimitives.dll (00007FFBAF470000), size: 503808 (result: 0), SymType: '-deferred-', PDB: '', fileVersion: 10.0.22621.4317
C:\WINDOWS\SYSTEM32\cfgmgr32.DLL:cfgmgr32.DLL (00007FFBAEE70000), size: 319488 (result: 0), SymType: '-deferred-', PDB: '', fileVersion: 10.0.22621.2506
C:\WINDOWS\SYSTEM32\kernel.appcore.dll:kernel.appcore.dll (00007FFBAE250000), size: 98304 (result: 0), SymType: '-deferred-', PDB: '', fileVersion: 10.0.22621.3958
C:\WINDOWS\system32\uxtheme.dll:uxtheme.dll (00007FFBAB680000), size: 733184 (result: 0), SymType: '-deferred-', PDB: '', fileVersion: 10.0.22621.5124
C:\WINDOWS\SYSTEM32\windows.storage.dll:windows.storage.dll (00007FFBAD090000), size: 9543680 (result: 0), SymType: '-deferred-', PDB: '', fileVersion: 10.0.22621.5124
C:\WINDOWS\System32\SHCORE.dll:SHCORE.dll (00007FFBB1F70000), size: 1089536 (result: 0), SymType: '-deferred-', PDB: '', fileVersion: 10.0.22621.5185
C:\WINDOWS\SYSTEM32\profapi.dll:profapi.dll (00007FFBAF110000), size: 176128 (result: 0), SymType: '-deferred-', PDB: '', fileVersion: 10.0.22621.5124
C:\WINDOWS\SYSTEM32\CRYPTSP.dll:CRYPTSP.dll (00007FFBAE930000), size: 110592 (result: 0), SymType: '-deferred-', PDB: '', fileVersion: 10.0.22621.5124
C:\WINDOWS\system32\rsaenh.dll:rsaenh.dll (00007FFBAE1B0000), size: 225280 (result: 0), SymType: '-deferred-', PDB: '', fileVersion: 10.0.22621.5124
C:\WINDOWS\System32\imagehlp.dll:imagehlp.dll (00007FFBB1A10000), size: 126976 (result: 0), SymType: '-deferred-', PDB: '', fileVersion: 10.0.22621.1
C:\WINDOWS\SYSTEM32\gpapi.dll:gpapi.dll (00007FFBAE760000), size: 155648 (result: 0), SymType: '-deferred-', PDB: '', fileVersion: 10.0.22621.4974
C:\Windows\System32\cryptnet.dll:cryptnet.dll (00007FFBA5100000), size: 204800 (result: 0), SymType: '-deferred-', PDB: '', fileVersion: 10.0.22621.1
C:\WINDOWS\SYSTEM32\WINNSI.DLL:WINNSI.DLL (00007FFBABA00000), size: 53248 (result: 0), SymType: '-deferred-', PDB: '', fileVersion: 10.0.22621.4746
C:\WINDOWS\System32\NSI.dll:NSI.dll (00007FFBB0320000), size: 36864 (result: 0), SymType: '-deferred-', PDB: '', fileVersion: 10.0.22621.4746
C:\WINDOWS\system32\IconCodecService.dll:IconCodecService.dll (00007FFB4FBC0000), size: 36864 (result: 0), SymType: '-deferred-', PDB: '', fileVersion: 10.0.22621.1
C:\WINDOWS\SYSTEM32\WindowsCodecs.dll:WindowsCodecs.dll (00007FFBAB450000), size: 1769472 (result: 0), SymType: '-deferred-', PDB: '', fileVersion: 10.0.22621.5124
C:\WINDOWS\System32\clbcatq.dll:clbcatq.dll (00007FFBB1EC0000), size: 720896 (result: 0), SymType: '-deferred-', PDB: '', fileVersion: 2001.12.10941.16384
C:\WINDOWS\System32\netprofm.dll:netprofm.dll (00007FFBAA1C0000), size: 491520 (result: 0), SymType: '-deferred-', PDB: '', fileVersion: 10.0.22621.3527
C:\WINDOWS\System32\npmproxy.dll:npmproxy.dll (00007FFBA31B0000), size: 98304 (result: 0), SymType: '-deferred-', PDB: '', fileVersion: 10.0.22621.3527
C:\WINDOWS\SYSTEM32\dbghelp.dll:dbghelp.dll (00007FFBAC8D0000), size: 2301952 (result: 0), SymType: '-deferred-', PDB: '', fileVersion: 10.0.22621.3593

========== OUTPUTTING STACK TRACE ==================

0x00007FFBAF9F016C (KERNELBASE) RaiseException
0x00007FF70C603D10 (Unity) EditorMonoConsole::LogToConsoleImplementation
0x00007FF70C6046FC (Unity) EditorMonoConsole::LogToConsoleImplementation
0x00007FF70D298ADF (Unity) DebugStringToFilePostprocessedStacktrace
0x00007FF70D29823A (Unity) DebugStringToFile
0x00007FF70C7703A7 (Unity) HandleProjectAlreadyOpenInAnotherInstance
0x00007FF70C772948 (Unity) Application::InitializeProject
0x00007FF70CBEFEE5 (Unity) WinMain
0x00007FF70DFB34BE (Unity) __scrt_common_main_seh
0x00007FFBB0C9259D (KERNEL32) BaseThreadInitThunk
0x00007FFBB212AF38 (ntdll) RtlUserThreadStart

========== END OF STACKTRACE ===========

A crash has been intercepted by the crash handler. For call stack and other details, see the latest crash report generated in:
 * C:/Users/yz/AppData/Local/Temp/Unity/Editor/Crashes
